// Jest Snapshot v1, https://goo.gl/fbAQLP

exports[`should render ExpenseListItem 1`] = `
<div>
  <Link
    to="/edit/1"
  >
    <h4>
      Description: 
      test 1
    </h4>
  </Link>
  <small>
    Amount: 
    1000
     | Created: 
    333
    <br />
    <button
      onClick={[Function]}
    >
      Remove
    </button>
    <button
      onClick={[Function]}
    >
      Edit
    </button>
  </small>
</div>
`;
